// Jest Snapshot v1, https://goo.gl/fbAQLP

exports[`<AuthorizationHOC /> should be a route component 1`] = `ShallowWrapper {}`;
