// Jest Snapshot v1, https://goo.gl/fbAQLP

exports[`Candidate Request Page should render correctly in "debug" mode 1`] = `ShallowWrapper {}`;
