// Jest Snapshot v1, https://goo.gl/fbAQLP

exports[`Dashboard Status Component should render correctly in "debug" mode 1`] = `ShallowWrapper {}`;
