// Jest Snapshot v1, https://goo.gl/fbAQLP

exports[`Dashboard Sidebar should render dashboard sidebar component correctly 1`] = `ShallowWrapper {}`;
