// Jest Snapshot v1, https://goo.gl/fbAQLP

exports[`Dashboard Landing Page should render correctly in "debug" mode 1`] = `ShallowWrapper {}`;
