// Jest Snapshot v1, https://goo.gl/fbAQLP

exports[`Landing Page Component should render correctly in "debug" mode 1`] = `ShallowWrapper {}`;
