// Jest Snapshot v1, https://goo.gl/fbAQLP

exports[`List Offices Component should render correctly in "debug" mode 1`] = `ShallowWrapper {}`;
