// Jest Snapshot v1, https://goo.gl/fbAQLP

exports[`List offices Page should render correctly in "debug" mode 1`] = `ShallowWrapper {}`;
