// Jest Snapshot v1, https://goo.gl/fbAQLP

exports[`Parties Card Component should render correctly in "debug" mode 1`] = `ShallowWrapper {}`;
